// Jest Snapshot v1, https://goo.gl/fbAQLP

exports[`tests for Navigation menu snapshot for Navbar component 1`] = `
Object {
  "asFragment": [Function],
  "baseElement": <body>
    <div>
      <nav
        class="nav-bar"
      >
        <div
          class="logo-content"
        >
          <div
            class="logo"
          >
            <img
              alt="logo"
              src="planet.png"
            />
          </div>
          <p>
            Space Traveler's Hub
          </p>
        </div>
        <ul
          class="nav-link"
        >
          <a
            aria-current="page"
            class="active"
            href="/"
          >
            Rockets
          </a>
          <a
            class=""
            href="/missions"
          >
            Missions
          </a>
          <a
            class=""
            href="/profile"
          >
            My profile
          </a>
        </ul>
      </nav>
    </div>
  </body>,
  "container": <div>
    <nav
      class="nav-bar"
    >
      <div
        class="logo-content"
      >
        <div
          class="logo"
        >
          <img
            alt="logo"
            src="planet.png"
          />
        </div>
        <p>
          Space Traveler's Hub
        </p>
      </div>
      <ul
        class="nav-link"
      >
        <a
          aria-current="page"
          class="active"
          href="/"
        >
          Rockets
        </a>
        <a
          class=""
          href="/missions"
        >
          Missions
        </a>
        <a
          class=""
          href="/profile"
        >
          My profile
        </a>
      </ul>
    </nav>
  </div>,
  "debug": [Function],
  "findAllByAltText": [Function],
  "findAllByDisplayValue": [Function],
  "findAllByLabelText": [Function],
  "findAllByPlaceholderText": [Function],
  "findAllByRole": [Function],
  "findAllByTestId": [Function],
  "findAllByText": [Function],
  "findAllByTitle": [Function],
  "findByAltText": [Function],
  "findByDisplayValue": [Function],
  "findByLabelText": [Function],
  "findByPlaceholderText": [Function],
  "findByRole": [Function],
  "findByTestId": [Function],
  "findByText": [Function],
  "findByTitle": [Function],
  "getAllByAltText": [Function],
  "getAllByDisplayValue": [Function],
  "getAllByLabelText": [Function],
  "getAllByPlaceholderText": [Function],
  "getAllByRole": [Function],
  "getAllByTestId": [Function],
  "getAllByText": [Function],
  "getAllByTitle": [Function],
  "getByAltText": [Function],
  "getByDisplayValue": [Function],
  "getByLabelText": [Function],
  "getByPlaceholderText": [Function],
  "getByRole": [Function],
  "getByTestId": [Function],
  "getByText": [Function],
  "getByTitle": [Function],
  "queryAllByAltText": [Function],
  "queryAllByDisplayValue": [Function],
  "queryAllByLabelText": [Function],
  "queryAllByPlaceholderText": [Function],
  "queryAllByRole": [Function],
  "queryAllByTestId": [Function],
  "queryAllByText": [Function],
  "queryAllByTitle": [Function],
  "queryByAltText": [Function],
  "queryByDisplayValue": [Function],
  "queryByLabelText": [Function],
  "queryByPlaceholderText": [Function],
  "queryByRole": [Function],
  "queryByTestId": [Function],
  "queryByText": [Function],
  "queryByTitle": [Function],
  "rerender": [Function],
  "unmount": [Function],
}
`;
